
> arslandede-koyu-dernegi@1.0.0 build
> next build

   Ôû▓ Next.js 14.1.0
   - Environments: .env

   Creating an optimized production build ...
 Ô£ô Compiled successfully
   Linting and checking validity of types ...
node.exe : 
At C:\Users\Asus\AppData\Roaming\npm\npm.ps1:24 char:5
+     & "node$exe"  "$basedir/node_modules/npm/bin/npm-cli.js" $args
+     ~~~~~~~~~~~~~~~~~~~~~~~~~~~~~~~~~~~~~~~~~~~~~~~~~~~~~~~~~~~~~~
    + CategoryInfo          : NotSpecified: (:String) [], RemoteException
    + FullyQualifiedErrorId : NativeCommandError
 
Failed to compile.

./src/app/about/village/history/page.jsx
21:26  Error: `"` can be escaped with `&quot;`, `&ldquo;`, `&#34;`, `&rdquo;`.  react/no-unes
caped-entities
21:30  Error: `"` can be escaped with `&quot;`, `&ldquo;`, `&#34;`, `&rdquo;`.  react/no-unes
caped-entities
21:64  Error: `"` can be escaped with `&quot;`, `&ldquo;`, `&#34;`, `&rdquo;`.  react/no-unes
caped-entities
21:77  Error: `"` can be escaped with `&quot;`, `&ldquo;`, `&#34;`, `&rdquo;`.  react/no-unes
caped-entities
31:15  Error: `'` can be escaped with `&apos;`, `&lsquo;`, `&#39;`, `&rsquo;`.  react/no-unes
caped-entities
64:18  Error: `'` can be escaped with `&apos;`, `&lsquo;`, `&#39;`, `&rsquo;`.  react/no-unes
caped-entities
73:37  Error: `'` can be escaped with `&apos;`, `&lsquo;`, `&#39;`, `&rsquo;`.  react/no-unes
caped-entities

./src/app/page.jsx
52:7  Warning: Unexpected console statement.  no-console

./src/components/about/BloodBank/BloodBankContent.jsx
61:5  Warning: Unexpected console statement.  no-console

./src/components/about/Founders/FoundersContent.jsx
64:65  Error: `'` can be escaped with `&apos;`, `&lsquo;`, `&#39;`, `&rsquo;`.  react/no-unes
caped-entities

./src/components/about/Statute/StatuteContent.jsx
80:77  Error: `'` can be escaped with `&apos;`, `&lsquo;`, `&#39;`, `&rsquo;`.  react/no-unes
caped-entities

./src/components/about/Village/History/HistoryContent.jsx
77:57  Error: `'` can be escaped with `&apos;`, `&lsquo;`, `&#39;`, `&rsquo;`.  react/no-unes
caped-entities

./src/components/common/DonationForm/DonationForm.jsx
87:63  Error: `"` can be escaped with `&quot;`, `&ldquo;`, `&#34;`, `&rdquo;`.  react/no-unes
caped-entities
87:73  Error: `"` can be escaped with `&quot;`, `&ldquo;`, `&#34;`, `&rdquo;`.  react/no-unes
caped-entities

./src/components/donate/DonationCard/DonationCard.jsx
16:7  Warning: Unexpected console statement.  no-console

./src/components/gallery/GalleryHero/GalleryHero.jsx
19:27  Error: `'` can be escaped with `&apos;`, `&lsquo;`, `&#39;`, `&rsquo;`.  react/no-unes
caped-entities

./src/components/layout/Navbar/Navbar.jsx
84:5  Warning: Unexpected console statement.  no-console

./src/components/village/AboutDistrict/AboutDistrictContent.jsx
26:37  Error: `'` can be escaped with `&apos;`, `&lsquo;`, `&#39;`, `&rsquo;`.  react/no-unes
caped-entities
26:63  Error: `'` can be escaped with `&apos;`, `&lsquo;`, `&#39;`, `&rsquo;`.  react/no-unes
caped-entities

./src/donate/DonationCard/DonationCard.jsx
16:7  Warning: Unexpected console statement.  no-console

./src/utils/api.js
9:5  Warning: Unexpected console statement.  no-console

./src/utils/getData.js
13:5  Warning: Unexpected console statement.  no-console

info  - Need to disable some ESLint rules? Learn more here: https://nextjs.org/docs/basic-fea
tures/eslint#disabling-rules
